// Jest Snapshot v1, https://goo.gl/fbAQLP

exports[`Description 组件 快照 1`] = `
<span
  className="description"
>
  test
</span>
`;
